Configuration file: /home/runner/work/yong-huang.github.io/yong-huang.github.io/_config.yml
            Source: /home/runner/work/yong-huang.github.io/yong-huang.github.io
       Destination: /home/runner/work/yong-huang.github.io/yong-huang.github.io/_site
 Incremental build: disabled. Enable with --incremental
      Generating... 
DEPRECATION WARNING: to_time will always preserve the timezone offset of the receiver in Rails 8.0. To opt in to the new behavior, set `ActiveSupport.to_time_preserves_timezone = true`. (called from load at /home/runner/work/yong-huang.github.io/yong-huang.github.io/vendor/bundle/ruby/3.3.0/bin/jekyll:25)
Terser: Minifying /home/runner/work/yong-huang.github.io/yong-huang.github.io/assets/js/theme.js
Terser: Minifying /home/runner/work/yong-huang.github.io/yong-huang.github.io/test/style_contract.js
Terser: Minifying /home/runner/work/yong-huang.github.io/yong-huang.github.io/test/visual/distill.spec.js
Terser: Minifying /home/runner/work/yong-huang.github.io/yong-huang.github.io/test/visual/helpers.js
Terser: Minifying /home/runner/work/yong-huang.github.io/yong-huang.github.io/test/visual/interactions.spec.js
Terser: Minifying /home/runner/work/yong-huang.github.io/yong-huang.github.io/test/visual/parity.spec.js
Terser: Minifying /home/runner/work/yong-huang.github.io/yong-huang.github.io/test/visual/playwright.config.js
       Jekyll Feed: Generating feed for posts
       Imagemagick: Searching files in /home/runner/work/yong-huang.github.io/yong-huang.github.io/assets/img/
       Imagemagick: Generating image "/home/runner/work/yong-huang.github.io/yong-huang.github.io/_site/assets/img/1-480.webp"
       Imagemagick: Adding static file /home/runner/work/yong-huang.github.io/yong-huang.github.io/_site/assets/img/1-480.webp
       Imagemagick: Generating image "/home/runner/work/yong-huang.github.io/yong-huang.github.io/_site/assets/img/1-800.webp"
       Imagemagick: Adding static file /home/runner/work/yong-huang.github.io/yong-huang.github.io/_site/assets/img/1-800.webp
       Imagemagick: Generating image "/home/runner/work/yong-huang.github.io/yong-huang.github.io/_site/assets/img/1-1400.webp"
       Imagemagick: Adding static file /home/runner/work/yong-huang.github.io/yong-huang.github.io/_site/assets/img/1-1400.webp
       Imagemagick: Generating image "/home/runner/work/yong-huang.github.io/yong-huang.github.io/_site/assets/img/10-480.webp"
       Imagemagick: Adding static file /home/runner/work/yong-huang.github.io/yong-huang.github.io/_site/assets/img/10-480.webp
       Imagemagick: Generating image "/home/runner/work/yong-huang.github.io/yong-huang.github.io/_site/assets/img/10-800.webp"
       Imagemagick: Adding static file /home/runner/work/yong-huang.github.io/yong-huang.github.io/_site/assets/img/10-800.webp
       Imagemagick: Generating image "/home/runner/work/yong-huang.github.io/yong-huang.github.io/_site/assets/img/10-1400.webp"
       Imagemagick: Adding static file /home/runner/work/yong-huang.github.io/yong-huang.github.io/_site/assets/img/10-1400.webp
       Imagemagick: Generating image "/home/runner/work/yong-huang.github.io/yong-huang.github.io/_site/assets/img/11-480.webp"
       Imagemagick: Adding static file /home/runner/work/yong-huang.github.io/yong-huang.github.io/_site/assets/img/11-480.webp
       Imagemagick: Generating image "/home/runner/work/yong-huang.github.io/yong-huang.github.io/_site/assets/img/11-800.webp"
       Imagemagick: Adding static file /home/runner/work/yong-huang.github.io/yong-huang.github.io/_site/assets/img/11-800.webp
       Imagemagick: Generating image "/home/runner/work/yong-huang.github.io/yong-huang.github.io/_site/assets/img/11-1400.webp"
       Imagemagick: Adding static file /home/runner/work/yong-huang.github.io/yong-huang.github.io/_site/assets/img/11-1400.webp
       Imagemagick: Generating image "/home/runner/work/yong-huang.github.io/yong-huang.github.io/_site/assets/img/12-480.webp"
       Imagemagick: Adding static file /home/runner/work/yong-huang.github.io/yong-huang.github.io/_site/assets/img/12-480.webp
       Imagemagick: Generating image "/home/runner/work/yong-huang.github.io/yong-huang.github.io/_site/assets/img/12-800.webp"
       Imagemagick: Adding static file /home/runner/work/yong-huang.github.io/yong-huang.github.io/_site/assets/img/12-800.webp
       Imagemagick: Generating image "/home/runner/work/yong-huang.github.io/yong-huang.github.io/_site/assets/img/12-1400.webp"
       Imagemagick: Adding static file /home/runner/work/yong-huang.github.io/yong-huang.github.io/_site/assets/img/12-1400.webp
       Imagemagick: Generating image "/home/runner/work/yong-huang.github.io/yong-huang.github.io/_site/assets/img/2-480.webp"
       Imagemagick: Adding static file /home/runner/work/yong-huang.github.io/yong-huang.github.io/_site/assets/img/2-480.webp
       Imagemagick: Generating image "/home/runner/work/yong-huang.github.io/yong-huang.github.io/_site/assets/img/2-800.webp"
       Imagemagick: Adding static file /home/runner/work/yong-huang.github.io/yong-huang.github.io/_site/assets/img/2-800.webp
       Imagemagick: Generating image "/home/runner/work/yong-huang.github.io/yong-huang.github.io/_site/assets/img/2-1400.webp"
       Imagemagick: Adding static file /home/runner/work/yong-huang.github.io/yong-huang.github.io/_site/assets/img/2-1400.webp
       Imagemagick: Generating image "/home/runner/work/yong-huang.github.io/yong-huang.github.io/_site/assets/img/3-480.webp"
       Imagemagick: Adding static file /home/runner/work/yong-huang.github.io/yong-huang.github.io/_site/assets/img/3-480.webp
       Imagemagick: Generating image "/home/runner/work/yong-huang.github.io/yong-huang.github.io/_site/assets/img/3-800.webp"
       Imagemagick: Adding static file /home/runner/work/yong-huang.github.io/yong-huang.github.io/_site/assets/img/3-800.webp
       Imagemagick: Generating image "/home/runner/work/yong-huang.github.io/yong-huang.github.io/_site/assets/img/3-1400.webp"
       Imagemagick: Adding static file /home/runner/work/yong-huang.github.io/yong-huang.github.io/_site/assets/img/3-1400.webp
       Imagemagick: Generating image "/home/runner/work/yong-huang.github.io/yong-huang.github.io/_site/assets/img/4-480.webp"
       Imagemagick: Adding static file /home/runner/work/yong-huang.github.io/yong-huang.github.io/_site/assets/img/4-480.webp
       Imagemagick: Generating image "/home/runner/work/yong-huang.github.io/yong-huang.github.io/_site/assets/img/4-800.webp"
       Imagemagick: Adding static file /home/runner/work/yong-huang.github.io/yong-huang.github.io/_site/assets/img/4-800.webp
       Imagemagick: Generating image "/home/runner/work/yong-huang.github.io/yong-huang.github.io/_site/assets/img/4-1400.webp"
       Imagemagick: Adding static file /home/runner/work/yong-huang.github.io/yong-huang.github.io/_site/assets/img/4-1400.webp
       Imagemagick: Generating image "/home/runner/work/yong-huang.github.io/yong-huang.github.io/_site/assets/img/5-480.webp"
       Imagemagick: Adding static file /home/runner/work/yong-huang.github.io/yong-huang.github.io/_site/assets/img/5-480.webp
       Imagemagick: Generating image "/home/runner/work/yong-huang.github.io/yong-huang.github.io/_site/assets/img/5-800.webp"
       Imagemagick: Adding static file /home/runner/work/yong-huang.github.io/yong-huang.github.io/_site/assets/img/5-800.webp
       Imagemagick: Generating image "/home/runner/work/yong-huang.github.io/yong-huang.github.io/_site/assets/img/5-1400.webp"
       Imagemagick: Adding static file /home/runner/work/yong-huang.github.io/yong-huang.github.io/_site/assets/img/5-1400.webp
       Imagemagick: Generating image "/home/runner/work/yong-huang.github.io/yong-huang.github.io/_site/assets/img/6-480.webp"
       Imagemagick: Adding static file /home/runner/work/yong-huang.github.io/yong-huang.github.io/_site/assets/img/6-480.webp
       Imagemagick: Generating image "/home/runner/work/yong-huang.github.io/yong-huang.github.io/_site/assets/img/6-800.webp"
       Imagemagick: Adding static file /home/runner/work/yong-huang.github.io/yong-huang.github.io/_site/assets/img/6-800.webp
       Imagemagick: Generating image "/home/runner/work/yong-huang.github.io/yong-huang.github.io/_site/assets/img/6-1400.webp"
       Imagemagick: Adding static file /home/runner/work/yong-huang.github.io/yong-huang.github.io/_site/assets/img/6-1400.webp
       Imagemagick: Generating image "/home/runner/work/yong-huang.github.io/yong-huang.github.io/_site/assets/img/7-480.webp"
       Imagemagick: Adding static file /home/runner/work/yong-huang.github.io/yong-huang.github.io/_site/assets/img/7-480.webp
       Imagemagick: Generating image "/home/runner/work/yong-huang.github.io/yong-huang.github.io/_site/assets/img/7-800.webp"
       Imagemagick: Adding static file /home/runner/work/yong-huang.github.io/yong-huang.github.io/_site/assets/img/7-800.webp
       Imagemagick: Generating image "/home/runner/work/yong-huang.github.io/yong-huang.github.io/_site/assets/img/7-1400.webp"
       Imagemagick: Adding static file /home/runner/work/yong-huang.github.io/yong-huang.github.io/_site/assets/img/7-1400.webp
       Imagemagick: Generating image "/home/runner/work/yong-huang.github.io/yong-huang.github.io/_site/assets/img/8-480.webp"
       Imagemagick: Adding static file /home/runner/work/yong-huang.github.io/yong-huang.github.io/_site/assets/img/8-480.webp
       Imagemagick: Generating image "/home/runner/work/yong-huang.github.io/yong-huang.github.io/_site/assets/img/8-800.webp"
       Imagemagick: Adding static file /home/runner/work/yong-huang.github.io/yong-huang.github.io/_site/assets/img/8-800.webp
       Imagemagick: Generating image "/home/runner/work/yong-huang.github.io/yong-huang.github.io/_site/assets/img/8-1400.webp"
       Imagemagick: Adding static file /home/runner/work/yong-huang.github.io/yong-huang.github.io/_site/assets/img/8-1400.webp
       Imagemagick: Generating image "/home/runner/work/yong-huang.github.io/yong-huang.github.io/_site/assets/img/9-480.webp"
       Imagemagick: Adding static file /home/runner/work/yong-huang.github.io/yong-huang.github.io/_site/assets/img/9-480.webp
       Imagemagick: Generating image "/home/runner/work/yong-huang.github.io/yong-huang.github.io/_site/assets/img/9-800.webp"
       Imagemagick: Adding static file /home/runner/work/yong-huang.github.io/yong-huang.github.io/_site/assets/img/9-800.webp
       Imagemagick: Generating image "/home/runner/work/yong-huang.github.io/yong-huang.github.io/_site/assets/img/9-1400.webp"
       Imagemagick: Adding static file /home/runner/work/yong-huang.github.io/yong-huang.github.io/_site/assets/img/9-1400.webp
       Imagemagick: Generating image "/home/runner/work/yong-huang.github.io/yong-huang.github.io/_site/assets/img/book_covers/the_godfather-480.webp"
       Imagemagick: Adding static file /home/runner/work/yong-huang.github.io/yong-huang.github.io/_site/assets/img/book_covers/the_godfather-480.webp
       Imagemagick: Generating image "/home/runner/work/yong-huang.github.io/yong-huang.github.io/_site/assets/img/book_covers/the_godfather-800.webp"
       Imagemagick: Adding static file /home/runner/work/yong-huang.github.io/yong-huang.github.io/_site/assets/img/book_covers/the_godfather-800.webp
       Imagemagick: Generating image "/home/runner/work/yong-huang.github.io/yong-huang.github.io/_site/assets/img/book_covers/the_godfather-1400.webp"
       Imagemagick: Adding static file /home/runner/work/yong-huang.github.io/yong-huang.github.io/_site/assets/img/book_covers/the_godfather-1400.webp
       Imagemagick: Generating image "/home/runner/work/yong-huang.github.io/yong-huang.github.io/_site/assets/img/mobile_phone_pic1-480.webp"
       Imagemagick: Adding static file /home/runner/work/yong-huang.github.io/yong-huang.github.io/_site/assets/img/mobile_phone_pic1-480.webp
       Imagemagick: Generating image "/home/runner/work/yong-huang.github.io/yong-huang.github.io/_site/assets/img/mobile_phone_pic1-800.webp"
       Imagemagick: Adding static file /home/runner/work/yong-huang.github.io/yong-huang.github.io/_site/assets/img/mobile_phone_pic1-800.webp
       Imagemagick: Generating image "/home/runner/work/yong-huang.github.io/yong-huang.github.io/_site/assets/img/mobile_phone_pic1-1400.webp"
       Imagemagick: Adding static file /home/runner/work/yong-huang.github.io/yong-huang.github.io/_site/assets/img/mobile_phone_pic1-1400.webp
       Imagemagick: Generating image "/home/runner/work/yong-huang.github.io/yong-huang.github.io/_site/assets/img/mobile_phone_pic2-480.webp"
       Imagemagick: Adding static file /home/runner/work/yong-huang.github.io/yong-huang.github.io/_site/assets/img/mobile_phone_pic2-480.webp
       Imagemagick: Generating image "/home/runner/work/yong-huang.github.io/yong-huang.github.io/_site/assets/img/mobile_phone_pic2-800.webp"
       Imagemagick: Adding static file /home/runner/work/yong-huang.github.io/yong-huang.github.io/_site/assets/img/mobile_phone_pic2-800.webp
       Imagemagick: Generating image "/home/runner/work/yong-huang.github.io/yong-huang.github.io/_site/assets/img/mobile_phone_pic2-1400.webp"
       Imagemagick: Adding static file /home/runner/work/yong-huang.github.io/yong-huang.github.io/_site/assets/img/mobile_phone_pic2-1400.webp
       Imagemagick: Generating image "/home/runner/work/yong-huang.github.io/yong-huang.github.io/_site/assets/img/mobile_phone_pic3-480.webp"
       Imagemagick: Adding static file /home/runner/work/yong-huang.github.io/yong-huang.github.io/_site/assets/img/mobile_phone_pic3-480.webp
       Imagemagick: Generating image "/home/runner/work/yong-huang.github.io/yong-huang.github.io/_site/assets/img/mobile_phone_pic3-800.webp"
       Imagemagick: Adding static file /home/runner/work/yong-huang.github.io/yong-huang.github.io/_site/assets/img/mobile_phone_pic3-800.webp
       Imagemagick: Generating image "/home/runner/work/yong-huang.github.io/yong-huang.github.io/_site/assets/img/mobile_phone_pic3-1400.webp"
       Imagemagick: Adding static file /home/runner/work/yong-huang.github.io/yong-huang.github.io/_site/assets/img/mobile_phone_pic3-1400.webp
       Imagemagick: Generating image "/home/runner/work/yong-huang.github.io/yong-huang.github.io/_site/assets/img/mobile_phone_pic4-480.webp"
       Imagemagick: Adding static file /home/runner/work/yong-huang.github.io/yong-huang.github.io/_site/assets/img/mobile_phone_pic4-480.webp
       Imagemagick: Generating image "/home/runner/work/yong-huang.github.io/yong-huang.github.io/_site/assets/img/mobile_phone_pic4-800.webp"
       Imagemagick: Adding static file /home/runner/work/yong-huang.github.io/yong-huang.github.io/_site/assets/img/mobile_phone_pic4-800.webp
       Imagemagick: Generating image "/home/runner/work/yong-huang.github.io/yong-huang.github.io/_site/assets/img/mobile_phone_pic4-1400.webp"
       Imagemagick: Adding static file /home/runner/work/yong-huang.github.io/yong-huang.github.io/_site/assets/img/mobile_phone_pic4-1400.webp
       Imagemagick: Generating image "/home/runner/work/yong-huang.github.io/yong-huang.github.io/_site/assets/img/mobile_phone_pic5-480.webp"
       Imagemagick: Adding static file /home/runner/work/yong-huang.github.io/yong-huang.github.io/_site/assets/img/mobile_phone_pic5-480.webp
       Imagemagick: Generating image "/home/runner/work/yong-huang.github.io/yong-huang.github.io/_site/assets/img/mobile_phone_pic5-800.webp"
       Imagemagick: Adding static file /home/runner/work/yong-huang.github.io/yong-huang.github.io/_site/assets/img/mobile_phone_pic5-800.webp
       Imagemagick: Generating image "/home/runner/work/yong-huang.github.io/yong-huang.github.io/_site/assets/img/mobile_phone_pic5-1400.webp"
       Imagemagick: Adding static file /home/runner/work/yong-huang.github.io/yong-huang.github.io/_site/assets/img/mobile_phone_pic5-1400.webp
       Imagemagick: Generating image "/home/runner/work/yong-huang.github.io/yong-huang.github.io/_site/assets/img/mobile_phone_pic6-480.webp"
       Imagemagick: Adding static file /home/runner/work/yong-huang.github.io/yong-huang.github.io/_site/assets/img/mobile_phone_pic6-480.webp
       Imagemagick: Generating image "/home/runner/work/yong-huang.github.io/yong-huang.github.io/_site/assets/img/mobile_phone_pic6-800.webp"
       Imagemagick: Adding static file /home/runner/work/yong-huang.github.io/yong-huang.github.io/_site/assets/img/mobile_phone_pic6-800.webp
       Imagemagick: Generating image "/home/runner/work/yong-huang.github.io/yong-huang.github.io/_site/assets/img/mobile_phone_pic6-1400.webp"
       Imagemagick: Adding static file /home/runner/work/yong-huang.github.io/yong-huang.github.io/_site/assets/img/mobile_phone_pic6-1400.webp
       Imagemagick: Generating image "/home/runner/work/yong-huang.github.io/yong-huang.github.io/_site/assets/img/mobile_phone_pic7-480.webp"
       Imagemagick: Adding static file /home/runner/work/yong-huang.github.io/yong-huang.github.io/_site/assets/img/mobile_phone_pic7-480.webp
       Imagemagick: Generating image "/home/runner/work/yong-huang.github.io/yong-huang.github.io/_site/assets/img/mobile_phone_pic7-800.webp"
       Imagemagick: Adding static file /home/runner/work/yong-huang.github.io/yong-huang.github.io/_site/assets/img/mobile_phone_pic7-800.webp
       Imagemagick: Generating image "/home/runner/work/yong-huang.github.io/yong-huang.github.io/_site/assets/img/mobile_phone_pic7-1400.webp"
       Imagemagick: Adding static file /home/runner/work/yong-huang.github.io/yong-huang.github.io/_site/assets/img/mobile_phone_pic7-1400.webp
       Imagemagick: Generating image "/home/runner/work/yong-huang.github.io/yong-huang.github.io/_site/assets/img/mobile_phone_pic_scan-480.webp"
       Imagemagick: Adding static file /home/runner/work/yong-huang.github.io/yong-huang.github.io/_site/assets/img/mobile_phone_pic_scan-480.webp
       Imagemagick: Generating image "/home/runner/work/yong-huang.github.io/yong-huang.github.io/_site/assets/img/mobile_phone_pic_scan-800.webp"
       Imagemagick: Adding static file /home/runner/work/yong-huang.github.io/yong-huang.github.io/_site/assets/img/mobile_phone_pic_scan-800.webp
       Imagemagick: Generating image "/home/runner/work/yong-huang.github.io/yong-huang.github.io/_site/assets/img/mobile_phone_pic_scan-1400.webp"
       Imagemagick: Adding static file /home/runner/work/yong-huang.github.io/yong-huang.github.io/_site/assets/img/mobile_phone_pic_scan-1400.webp
       Imagemagick: Generating image "/home/runner/work/yong-huang.github.io/yong-huang.github.io/_site/assets/img/prof_pic-480.webp"
       Imagemagick: Adding static file /home/runner/work/yong-huang.github.io/yong-huang.github.io/_site/assets/img/prof_pic-480.webp
       Imagemagick: Generating image "/home/runner/work/yong-huang.github.io/yong-huang.github.io/_site/assets/img/prof_pic-800.webp"
       Imagemagick: Adding static file /home/runner/work/yong-huang.github.io/yong-huang.github.io/_site/assets/img/prof_pic-800.webp
       Imagemagick: Generating image "/home/runner/work/yong-huang.github.io/yong-huang.github.io/_site/assets/img/prof_pic-1400.webp"
       Imagemagick: Adding static file /home/runner/work/yong-huang.github.io/yong-huang.github.io/_site/assets/img/prof_pic-1400.webp
       Imagemagick: Generating image "/home/runner/work/yong-huang.github.io/yong-huang.github.io/_site/assets/img/publication_preview/brownian-motion-480.webp"
       Imagemagick: Adding static file /home/runner/work/yong-huang.github.io/yong-huang.github.io/_site/assets/img/publication_preview/brownian-motion-480.webp
       Imagemagick: Generating image "/home/runner/work/yong-huang.github.io/yong-huang.github.io/_site/assets/img/publication_preview/brownian-motion-800.webp"
       Imagemagick: Adding static file /home/runner/work/yong-huang.github.io/yong-huang.github.io/_site/assets/img/publication_preview/brownian-motion-800.webp
       Imagemagick: Generating image "/home/runner/work/yong-huang.github.io/yong-huang.github.io/_site/assets/img/publication_preview/brownian-motion-1400.webp"
       Imagemagick: Adding static file /home/runner/work/yong-huang.github.io/yong-huang.github.io/_site/assets/img/publication_preview/brownian-motion-1400.webp
       Imagemagick: Generating image "/home/runner/work/yong-huang.github.io/yong-huang.github.io/_site/assets/img/publication_preview/wave-mechanics-480.webp"
       Imagemagick: Adding static file /home/runner/work/yong-huang.github.io/yong-huang.github.io/_site/assets/img/publication_preview/wave-mechanics-480.webp
       Imagemagick: Generating image "/home/runner/work/yong-huang.github.io/yong-huang.github.io/_site/assets/img/publication_preview/wave-mechanics-800.webp"
       Imagemagick: Adding static file /home/runner/work/yong-huang.github.io/yong-huang.github.io/_site/assets/img/publication_preview/wave-mechanics-800.webp
       Imagemagick: Generating image "/home/runner/work/yong-huang.github.io/yong-huang.github.io/_site/assets/img/publication_preview/wave-mechanics-1400.webp"
       Imagemagick: Adding static file /home/runner/work/yong-huang.github.io/yong-huang.github.io/_site/assets/img/publication_preview/wave-mechanics-1400.webp
       Imagemagick: Generating image "/home/runner/work/yong-huang.github.io/yong-huang.github.io/_site/assets/img/rhino-480.webp"
       Imagemagick: Adding static file /home/runner/work/yong-huang.github.io/yong-huang.github.io/_site/assets/img/rhino-480.webp
       Imagemagick: Generating image "/home/runner/work/yong-huang.github.io/yong-huang.github.io/_site/assets/img/rhino-800.webp"
       Imagemagick: Adding static file /home/runner/work/yong-huang.github.io/yong-huang.github.io/_site/assets/img/rhino-800.webp
       Imagemagick: Generating image "/home/runner/work/yong-huang.github.io/yong-huang.github.io/_site/assets/img/rhino-1400.webp"
       Imagemagick: Adding static file /home/runner/work/yong-huang.github.io/yong-huang.github.io/_site/assets/img/rhino-1400.webp
       Imagemagick: Generating image "/home/runner/work/yong-huang.github.io/yong-huang.github.io/_site/assets/img/template_error-480.webp"
       Imagemagick: Adding static file /home/runner/work/yong-huang.github.io/yong-huang.github.io/_site/assets/img/template_error-480.webp
       Imagemagick: Generating image "/home/runner/work/yong-huang.github.io/yong-huang.github.io/_site/assets/img/template_error-800.webp"
       Imagemagick: Adding static file /home/runner/work/yong-huang.github.io/yong-huang.github.io/_site/assets/img/template_error-800.webp
       Imagemagick: Generating image "/home/runner/work/yong-huang.github.io/yong-huang.github.io/_site/assets/img/template_error-1400.webp"
       Imagemagick: Adding static file /home/runner/work/yong-huang.github.io/yong-huang.github.io/_site/assets/img/template_error-1400.webp
       Imagemagick: Generated 78 file(s)
         AutoPages: Disabled/Not configured in site.config.
[33m        Pagination: Is enabled, but I couldn't find any pagination page. Skipping pagination. Pages must have 'pagination: enabled: true' in their front-matter for pagination to work.[0m
        Pagination: Complete, processed pagination page(s)
[33m     Build Warning: Layout 'false' requested in _pages/about.md does not exist.[0m
[NbConvertApp] Converting notebook /tmp/jekyll-jupyter-notebook20260801-3595-yf26gq.ipynb to html
/opt/hostedtoolcache/Python/3.13.14/x64/lib/python3.13/site-packages/nbconvert/filters/highlight.py:71: UserWarning: IPython3 lexer unavailable, falling back on Python 3
  return _pygments_highlight(
