Configuration file: /home/runner/work/yong-huang.github.io/yong-huang.github.io/_config.yml
            Source: /home/runner/work/yong-huang.github.io/yong-huang.github.io
       Destination: /home/runner/work/yong-huang.github.io/yong-huang.github.io/_site
 Incremental build: disabled. Enable with --incremental
      Generating... 
DEPRECATION WARNING: to_time will always preserve the timezone offset of the receiver in Rails 8.0. To opt in to the new behavior, set `ActiveSupport.to_time_preserves_timezone = true`. (called from load at /home/runner/work/yong-huang.github.io/yong-huang.github.io/vendor/bundle/ruby/3.3.0/bin/jekyll:25)
Terser: Minifying /home/runner/work/yong-huang.github.io/yong-huang.github.io/test/style_contract.js
Terser: Minifying /home/runner/work/yong-huang.github.io/yong-huang.github.io/test/visual/distill.spec.js
Terser: Minifying /home/runner/work/yong-huang.github.io/yong-huang.github.io/test/visual/helpers.js
Terser: Minifying /home/runner/work/yong-huang.github.io/yong-huang.github.io/test/visual/interactions.spec.js
Terser: Minifying /home/runner/work/yong-huang.github.io/yong-huang.github.io/test/visual/parity.spec.js
Terser: Minifying /home/runner/work/yong-huang.github.io/yong-huang.github.io/test/visual/playwright.config.js
       Jekyll Feed: Generating feed for posts
       Imagemagick: Searching files in /home/runner/work/yong-huang.github.io/yong-huang.github.io/assets/img/
       Imagemagick: Generating image "/home/runner/work/yong-huang.github.io/yong-huang.github.io/_site/assets/img/1-480.webp"
       Imagemagick: Adding static file /home/runner/work/yong-huang.github.io/yong-huang.github.io/_site/assets/img/1-480.webp
       Imagemagick: Generating image "/home/runner/work/yong-huang.github.io/yong-huang.github.io/_site/assets/img/1-800.webp"
       Imagemagick: Adding static file /home/runner/work/yong-huang.github.io/yong-huang.github.io/_site/assets/img/1-800.webp
       Imagemagick: Generating image "/home/runner/work/yong-huang.github.io/yong-huang.github.io/_site/assets/img/1-1400.webp"
       Imagemagick: Adding static file /home/runner/work/yong-huang.github.io/yong-huang.github.io/_site/assets/img/1-1400.webp
       Imagemagick: Generating image "/home/runner/work/yong-huang.github.io/yong-huang.github.io/_site/assets/img/10-480.webp"
       Imagemagick: Adding static file /home/runner/work/yong-huang.github.io/yong-huang.github.io/_site/assets/img/10-480.webp
       Imagemagick: Generating image "/home/runner/work/yong-huang.github.io/yong-huang.github.io/_site/assets/img/10-800.webp"
       Imagemagick: Adding static file /home/runner/work/yong-huang.github.io/yong-huang.github.io/_site/assets/img/10-800.webp
       Imagemagick: Generating image "/home/runner/work/yong-huang.github.io/yong-huang.github.io/_site/assets/img/10-1400.webp"
       Imagemagick: Adding static file /home/runner/work/yong-huang.github.io/yong-huang.github.io/_site/assets/img/10-1400.webp
       Imagemagick: Generating image "/home/runner/work/yong-huang.github.io/yong-huang.github.io/_site/assets/img/11-480.webp"
       Imagemagick: Adding static file /home/runner/work/yong-huang.github.io/yong-huang.github.io/_site/assets/img/11-480.webp
       Imagemagick: Generating image "/home/runner/work/yong-huang.github.io/yong-huang.github.io/_site/assets/img/11-800.webp"
       Imagemagick: Adding static file /home/runner/work/yong-huang.github.io/yong-huang.github.io/_site/assets/img/11-800.webp
       Imagemagick: Generating image "/home/runner/work/yong-huang.github.io/yong-huang.github.io/_site/assets/img/11-1400.webp"
       Imagemagick: Adding static file /home/runner/work/yong-huang.github.io/yong-huang.github.io/_site/assets/img/11-1400.webp
       Imagemagick: Generating image "/home/runner/work/yong-huang.github.io/yong-huang.github.io/_site/assets/img/12-480.webp"
       Imagemagick: Adding static file /home/runner/work/yong-huang.github.io/yong-huang.github.io/_site/assets/img/12-480.webp
       Imagemagick: Generating image "/home/runner/work/yong-huang.github.io/yong-huang.github.io/_site/assets/img/12-800.webp"
       Imagemagick: Adding static file /home/runner/work/yong-huang.github.io/yong-huang.github.io/_site/assets/img/12-800.webp
       Imagemagick: Generating image "/home/runner/work/yong-huang.github.io/yong-huang.github.io/_site/assets/img/12-1400.webp"
       Imagemagick: Adding static file /home/runner/work/yong-huang.github.io/yong-huang.github.io/_site/assets/img/12-1400.webp
       Imagemagick: Generating image "/home/runner/work/yong-huang.github.io/yong-huang.github.io/_site/assets/img/2-480.webp"
       Imagemagick: Adding static file /home/runner/work/yong-huang.github.io/yong-huang.github.io/_site/assets/img/2-480.webp
       Imagemagick: Generating image "/home/runner/work/yong-huang.github.io/yong-huang.github.io/_site/assets/img/2-800.webp"
       Imagemagick: Adding static file /home/runner/work/yong-huang.github.io/yong-huang.github.io/_site/assets/img/2-800.webp
       Imagemagick: Generating image "/home/runner/work/yong-huang.github.io/yong-huang.github.io/_site/assets/img/2-1400.webp"
       Imagemagick: Adding static file /home/runner/work/yong-huang.github.io/yong-huang.github.io/_site/assets/img/2-1400.webp
       Imagemagick: Generating image "/home/runner/work/yong-huang.github.io/yong-huang.github.io/_site/assets/img/3-480.webp"
       Imagemagick: Adding static file /home/runner/work/yong-huang.github.io/yong-huang.github.io/_site/assets/img/3-480.webp
       Imagemagick: Generating image "/home/runner/work/yong-huang.github.io/yong-huang.github.io/_site/assets/img/3-800.webp"
       Imagemagick: Adding static file /home/runner/work/yong-huang.github.io/yong-huang.github.io/_site/assets/img/3-800.webp
       Imagemagick: Generating image "/home/runner/work/yong-huang.github.io/yong-huang.github.io/_site/assets/img/3-1400.webp"
       Imagemagick: Adding static file /home/runner/work/yong-huang.github.io/yong-huang.github.io/_site/assets/img/3-1400.webp
       Imagemagick: Generating image "/home/runner/work/yong-huang.github.io/yong-huang.github.io/_site/assets/img/4-480.webp"
       Imagemagick: Adding static file /home/runner/work/yong-huang.github.io/yong-huang.github.io/_site/assets/img/4-480.webp
       Imagemagick: Generating image "/home/runner/work/yong-huang.github.io/yong-huang.github.io/_site/assets/img/4-800.webp"
       Imagemagick: Adding static file /home/runner/work/yong-huang.github.io/yong-huang.github.io/_site/assets/img/4-800.webp
       Imagemagick: Generating image "/home/runner/work/yong-huang.github.io/yong-huang.github.io/_site/assets/img/4-1400.webp"
       Imagemagick: Adding static file /home/runner/work/yong-huang.github.io/yong-huang.github.io/_site/assets/img/4-1400.webp
       Imagemagick: Generating image "/home/runner/work/yong-huang.github.io/yong-huang.github.io/_site/assets/img/5-480.webp"
       Imagemagick: Adding static file /home/runner/work/yong-huang.github.io/yong-huang.github.io/_site/assets/img/5-480.webp
       Imagemagick: Generating image "/home/runner/work/yong-huang.github.io/yong-huang.github.io/_site/assets/img/5-800.webp"
       Imagemagick: Adding static file /home/runner/work/yong-huang.github.io/yong-huang.github.io/_site/assets/img/5-800.webp
       Imagemagick: Generating image "/home/runner/work/yong-huang.github.io/yong-huang.github.io/_site/assets/img/5-1400.webp"
       Imagemagick: Adding static file /home/runner/work/yong-huang.github.io/yong-huang.github.io/_site/assets/img/5-1400.webp
       Imagemagick: Generating image "/home/runner/work/yong-huang.github.io/yong-huang.github.io/_site/assets/img/6-480.webp"
       Imagemagick: Adding static file /home/runner/work/yong-huang.github.io/yong-huang.github.io/_site/assets/img/6-480.webp
       Imagemagick: Generating image "/home/runner/work/yong-huang.github.io/yong-huang.github.io/_site/assets/img/6-800.webp"
       Imagemagick: Adding static file /home/runner/work/yong-huang.github.io/yong-huang.github.io/_site/assets/img/6-800.webp
       Imagemagick: Generating image "/home/runner/work/yong-huang.github.io/yong-huang.github.io/_site/assets/img/6-1400.webp"
       Imagemagick: Adding static file /home/runner/work/yong-huang.github.io/yong-huang.github.io/_site/assets/img/6-1400.webp
       Imagemagick: Generating image "/home/runner/work/yong-huang.github.io/yong-huang.github.io/_site/assets/img/7-480.webp"
       Imagemagick: Adding static file /home/runner/work/yong-huang.github.io/yong-huang.github.io/_site/assets/img/7-480.webp
       Imagemagick: Generating image "/home/runner/work/yong-huang.github.io/yong-huang.github.io/_site/assets/img/7-800.webp"
       Imagemagick: Adding static file /home/runner/work/yong-huang.github.io/yong-huang.github.io/_site/assets/img/7-800.webp
       Imagemagick: Generating image "/home/runner/work/yong-huang.github.io/yong-huang.github.io/_site/assets/img/7-1400.webp"
       Imagemagick: Adding static file /home/runner/work/yong-huang.github.io/yong-huang.github.io/_site/assets/img/7-1400.webp
       Imagemagick: Generating image "/home/runner/work/yong-huang.github.io/yong-huang.github.io/_site/assets/img/8-480.webp"
       Imagemagick: Adding static file /home/runner/work/yong-huang.github.io/yong-huang.github.io/_site/assets/img/8-480.webp
       Imagemagick: Generating image "/home/runner/work/yong-huang.github.io/yong-huang.github.io/_site/assets/img/8-800.webp"
       Imagemagick: Adding static file /home/runner/work/yong-huang.github.io/yong-huang.github.io/_site/assets/img/8-800.webp
       Imagemagick: Generating image "/home/runner/work/yong-huang.github.io/yong-huang.github.io/_site/assets/img/8-1400.webp"
       Imagemagick: Adding static file /home/runner/work/yong-huang.github.io/yong-huang.github.io/_site/assets/img/8-1400.webp
       Imagemagick: Generating image "/home/runner/work/yong-huang.github.io/yong-huang.github.io/_site/assets/img/9-480.webp"
       Imagemagick: Adding static file /home/runner/work/yong-huang.github.io/yong-huang.github.io/_site/assets/img/9-480.webp
       Imagemagick: Generating image "/home/runner/work/yong-huang.github.io/yong-huang.github.io/_site/assets/img/9-800.webp"
       Imagemagick: Adding static file /home/runner/work/yong-huang.github.io/yong-huang.github.io/_site/assets/img/9-800.webp
       Imagemagick: Generating image "/home/runner/work/yong-huang.github.io/yong-huang.github.io/_site/assets/img/9-1400.webp"
       Imagemagick: Adding static file /home/runner/work/yong-huang.github.io/yong-huang.github.io/_site/assets/img/9-1400.webp
       Imagemagick: Generating image "/home/runner/work/yong-huang.github.io/yong-huang.github.io/_site/assets/img/book_covers/the_godfather-480.webp"
       Imagemagick: Adding static file /home/runner/work/yong-huang.github.io/yong-huang.github.io/_site/assets/img/book_covers/the_godfather-480.webp
       Imagemagick: Generating image "/home/runner/work/yong-huang.github.io/yong-huang.github.io/_site/assets/img/book_covers/the_godfather-800.webp"
       Imagemagick: Adding static file /home/runner/work/yong-huang.github.io/yong-huang.github.io/_site/assets/img/book_covers/the_godfather-800.webp
       Imagemagick: Generating image "/home/runner/work/yong-huang.github.io/yong-huang.github.io/_site/assets/img/book_covers/the_godfather-1400.webp"
       Imagemagick: Adding static file /home/runner/work/yong-huang.github.io/yong-huang.github.io/_site/assets/img/book_covers/the_godfather-1400.webp
       Imagemagick: Generating image "/home/runner/work/yong-huang.github.io/yong-huang.github.io/_site/assets/img/prof_pic-480.webp"
       Imagemagick: Adding static file /home/runner/work/yong-huang.github.io/yong-huang.github.io/_site/assets/img/prof_pic-480.webp
       Imagemagick: Generating image "/home/runner/work/yong-huang.github.io/yong-huang.github.io/_site/assets/img/prof_pic-800.webp"
       Imagemagick: Adding static file /home/runner/work/yong-huang.github.io/yong-huang.github.io/_site/assets/img/prof_pic-800.webp
       Imagemagick: Generating image "/home/runner/work/yong-huang.github.io/yong-huang.github.io/_site/assets/img/prof_pic-1400.webp"
       Imagemagick: Adding static file /home/runner/work/yong-huang.github.io/yong-huang.github.io/_site/assets/img/prof_pic-1400.webp
       Imagemagick: Generating image "/home/runner/work/yong-huang.github.io/yong-huang.github.io/_site/assets/img/publication_preview/brownian-motion-480.webp"
       Imagemagick: Adding static file /home/runner/work/yong-huang.github.io/yong-huang.github.io/_site/assets/img/publication_preview/brownian-motion-480.webp
       Imagemagick: Generating image "/home/runner/work/yong-huang.github.io/yong-huang.github.io/_site/assets/img/publication_preview/brownian-motion-800.webp"
       Imagemagick: Adding static file /home/runner/work/yong-huang.github.io/yong-huang.github.io/_site/assets/img/publication_preview/brownian-motion-800.webp
       Imagemagick: Generating image "/home/runner/work/yong-huang.github.io/yong-huang.github.io/_site/assets/img/publication_preview/brownian-motion-1400.webp"
       Imagemagick: Adding static file /home/runner/work/yong-huang.github.io/yong-huang.github.io/_site/assets/img/publication_preview/brownian-motion-1400.webp
       Imagemagick: Generating image "/home/runner/work/yong-huang.github.io/yong-huang.github.io/_site/assets/img/publication_preview/wave-mechanics-480.webp"
       Imagemagick: Adding static file /home/runner/work/yong-huang.github.io/yong-huang.github.io/_site/assets/img/publication_preview/wave-mechanics-480.webp
       Imagemagick: Generating image "/home/runner/work/yong-huang.github.io/yong-huang.github.io/_site/assets/img/publication_preview/wave-mechanics-800.webp"
       Imagemagick: Adding static file /home/runner/work/yong-huang.github.io/yong-huang.github.io/_site/assets/img/publication_preview/wave-mechanics-800.webp
       Imagemagick: Generating image "/home/runner/work/yong-huang.github.io/yong-huang.github.io/_site/assets/img/publication_preview/wave-mechanics-1400.webp"
       Imagemagick: Adding static file /home/runner/work/yong-huang.github.io/yong-huang.github.io/_site/assets/img/publication_preview/wave-mechanics-1400.webp
       Imagemagick: Generating image "/home/runner/work/yong-huang.github.io/yong-huang.github.io/_site/assets/img/rhino-480.webp"
       Imagemagick: Adding static file /home/runner/work/yong-huang.github.io/yong-huang.github.io/_site/assets/img/rhino-480.webp
       Imagemagick: Generating image "/home/runner/work/yong-huang.github.io/yong-huang.github.io/_site/assets/img/rhino-800.webp"
       Imagemagick: Adding static file /home/runner/work/yong-huang.github.io/yong-huang.github.io/_site/assets/img/rhino-800.webp
       Imagemagick: Generating image "/home/runner/work/yong-huang.github.io/yong-huang.github.io/_site/assets/img/rhino-1400.webp"
       Imagemagick: Adding static file /home/runner/work/yong-huang.github.io/yong-huang.github.io/_site/assets/img/rhino-1400.webp
       Imagemagick: Generating image "/home/runner/work/yong-huang.github.io/yong-huang.github.io/_site/assets/img/template_error-480.webp"
       Imagemagick: Adding static file /home/runner/work/yong-huang.github.io/yong-huang.github.io/_site/assets/img/template_error-480.webp
       Imagemagick: Generating image "/home/runner/work/yong-huang.github.io/yong-huang.github.io/_site/assets/img/template_error-800.webp"
       Imagemagick: Adding static file /home/runner/work/yong-huang.github.io/yong-huang.github.io/_site/assets/img/template_error-800.webp
       Imagemagick: Generating image "/home/runner/work/yong-huang.github.io/yong-huang.github.io/_site/assets/img/template_error-1400.webp"
       Imagemagick: Adding static file /home/runner/work/yong-huang.github.io/yong-huang.github.io/_site/assets/img/template_error-1400.webp
       Imagemagick: Generated 54 file(s)
         AutoPages: Disabled/Not configured in site.config.
        Pagination: Complete, processed 1 pagination page(s)
[31m  Liquid Exception: No such file or directory @ rb_sysopen - /yong-huang.github.io/assets/img/prof_pic.jpg in /home/runner/work/yong-huang.github.io/yong-huang.github.io/vendor/bundle/ruby/3.3.0/gems/al_folio_core-1.0.11/_layouts/about.liquid[0m
bundler: failed to load command: jekyll (/home/runner/work/yong-huang.github.io/yong-huang.github.io/vendor/bundle/ruby/3.3.0/bin/jekyll)
/home/runner/work/yong-huang.github.io/yong-huang.github.io/vendor/bundle/ruby/3.3.0/gems/al_folio_core-1.0.11/lib/al_folio_core.rb:140:in `read': No such file or directory @ rb_sysopen - /yong-huang.github.io/assets/img/prof_pic.jpg (Errno::ENOENT)
	from /home/runner/work/yong-huang.github.io/yong-huang.github.io/vendor/bundle/ruby/3.3.0/gems/al_folio_core-1.0.11/lib/al_folio_core.rb:140:in `file_content'
	from /home/runner/work/yong-huang.github.io/yong-huang.github.io/vendor/bundle/ruby/3.3.0/gems/jekyll-cache-bust-0.0.1/lib/jekyll-cache-bust.rb:33:in `file_contents'
	from /home/runner/work/yong-huang.github.io/yong-huang.github.io/vendor/bundle/ruby/3.3.0/gems/jekyll-cache-bust-0.0.1/lib/jekyll-cache-bust.rb:17:in `digest!'
	from /home/runner/work/yong-huang.github.io/yong-huang.github.io/vendor/bundle/ruby/3.3.0/gems/jekyll-cache-bust-0.0.1/lib/jekyll-cache-bust.rb:42:in `bust_file_cache'
	from /home/runner/work/yong-huang.github.io/yong-huang.github.io/vendor/bundle/ruby/3.3.0/gems/liquid-4.0.4/lib/liquid/strainer.rb:56:in `invoke'
	from /home/runner/work/yong-huang.github.io/yong-huang.github.io/vendor/bundle/ruby/3.3.0/gems/liquid-4.0.4/lib/liquid/context.rb:86:in `invoke'
	from /home/runner/work/yong-huang.github.io/yong-huang.github.io/vendor/bundle/ruby/3.3.0/gems/liquid-4.0.4/lib/liquid/variable.rb:84:in `block in render'
	from /home/runner/work/yong-huang.github.io/yong-huang.github.io/vendor/bundle/ruby/3.3.0/gems/liquid-4.0.4/lib/liquid/variable.rb:82:in `each'
	from /home/runner/work/yong-huang.github.io/yong-huang.github.io/vendor/bundle/ruby/3.3.0/gems/liquid-4.0.4/lib/liquid/variable.rb:82:in `inject'
	from /home/runner/work/yong-huang.github.io/yong-huang.github.io/vendor/bundle/ruby/3.3.0/gems/liquid-4.0.4/lib/liquid/variable.rb:82:in `render'
	from /home/runner/work/yong-huang.github.io/yong-huang.github.io/vendor/bundle/ruby/3.3.0/gems/liquid-4.0.4/lib/liquid/block_body.rb:103:in `render_node_to_output'
	from /home/runner/work/yong-huang.github.io/yong-huang.github.io/vendor/bundle/ruby/3.3.0/gems/liquid-4.0.4/lib/liquid/block_body.rb:80:in `render'
	from /home/runner/work/yong-huang.github.io/yong-huang.github.io/vendor/bundle/ruby/3.3.0/gems/liquid-4.0.4/lib/liquid/tags/if.rb:46:in `block (2 levels) in render'
	from /home/runner/work/yong-huang.github.io/yong-huang.github.io/vendor/bundle/ruby/3.3.0/gems/liquid-4.0.4/lib/liquid/tags/if.rb:44:in `each'
	from /home/runner/work/yong-huang.github.io/yong-huang.github.io/vendor/bundle/ruby/3.3.0/gems/liquid-4.0.4/lib/liquid/tags/if.rb:44:in `block in render'
	from /home/runner/work/yong-huang.github.io/yong-huang.github.io/vendor/bundle/ruby/3.3.0/gems/liquid-4.0.4/lib/liquid/context.rb:123:in `stack'
	from /home/runner/work/yong-huang.github.io/yong-huang.github.io/vendor/bundle/ruby/3.3.0/gems/liquid-4.0.4/lib/liquid/tags/if.rb:43:in `render'
	from /home/runner/work/yong-huang.github.io/yong-huang.github.io/vendor/bundle/ruby/3.3.0/gems/liquid-4.0.4/lib/liquid/block_body.rb:103:in `render_node_to_output'
	from /home/runner/work/yong-huang.github.io/yong-huang.github.io/vendor/bundle/ruby/3.3.0/gems/liquid-4.0.4/lib/liquid/block_body.rb:82:in `render'
	from /home/runner/work/yong-huang.github.io/yong-huang.github.io/vendor/bundle/ruby/3.3.0/gems/liquid-4.0.4/lib/liquid/template.rb:206:in `block in render'
	from /home/runner/work/yong-huang.github.io/yong-huang.github.io/vendor/bundle/ruby/3.3.0/gems/liquid-4.0.4/lib/liquid/template.rb:240:in `with_profiling'
	from /home/runner/work/yong-huang.github.io/yong-huang.github.io/vendor/bundle/ruby/3.3.0/gems/liquid-4.0.4/lib/liquid/template.rb:205:in `render'
	from /home/runner/work/yong-huang.github.io/yong-huang.github.io/vendor/bundle/ruby/3.3.0/gems/liquid-4.0.4/lib/liquid/template.rb:218:in `render!'
	from /home/runner/work/yong-huang.github.io/yong-huang.github.io/vendor/bundle/ruby/3.3.0/gems/jekyll-4.4.1/lib/jekyll/liquid_renderer/file.rb:39:in `block (3 levels) in render!'
	from /home/runner/work/yong-huang.github.io/yong-huang.github.io/vendor/bundle/ruby/3.3.0/gems/jekyll-4.4.1/lib/jekyll/liquid_renderer/file.rb:59:in `measure_counts'
	from /home/runner/work/yong-huang.github.io/yong-huang.github.io/vendor/bundle/ruby/3.3.0/gems/jekyll-4.4.1/lib/jekyll/liquid_renderer/file.rb:38:in `block (2 levels) in render!'
	from /home/runner/work/yong-huang.github.io/yong-huang.github.io/vendor/bundle/ruby/3.3.0/gems/jekyll-4.4.1/lib/jekyll/liquid_renderer/file.rb:63:in `measure_bytes'
	from /home/runner/work/yong-huang.github.io/yong-huang.github.io/vendor/bundle/ruby/3.3.0/gems/jekyll-4.4.1/lib/jekyll/liquid_renderer/file.rb:37:in `block in render!'
	from /home/runner/work/yong-huang.github.io/yong-huang.github.io/vendor/bundle/ruby/3.3.0/gems/jekyll-4.4.1/lib/jekyll/liquid_renderer/file.rb:70:in `measure_time'
	from /home/runner/work/yong-huang.github.io/yong-huang.github.io/vendor/bundle/ruby/3.3.0/gems/jekyll-4.4.1/lib/jekyll/liquid_renderer/file.rb:36:in `render!'
	from /home/runner/work/yong-huang.github.io/yong-huang.github.io/vendor/bundle/ruby/3.3.0/gems/jekyll-4.4.1/lib/jekyll/inclusion.rb:16:in `render'
	from /home/runner/work/yong-huang.github.io/yong-huang.github.io/vendor/bundle/ruby/3.3.0/gems/jekyll-4.4.1/lib/jekyll/tags/include.rb:208:in `block in render'
	from /home/runner/work/yong-huang.github.io/yong-huang.github.io/vendor/bundle/ruby/3.3.0/gems/liquid-4.0.4/lib/liquid/context.rb:123:in `stack'
	from /home/runner/work/yong-huang.github.io/yong-huang.github.io/vendor/bundle/ruby/3.3.0/gems/jekyll-4.4.1/lib/jekyll/tags/include.rb:206:in `render'
	from /home/runner/work/yong-huang.github.io/yong-huang.github.io/vendor/bundle/ruby/3.3.0/gems/liquid-4.0.4/lib/liquid/block_body.rb:103:in `render_node_to_output'
	from /home/runner/work/yong-huang.github.io/yong-huang.github.io/vendor/bundle/ruby/3.3.0/gems/liquid-4.0.4/lib/liquid/block_body.rb:91:in `render'
	from /home/runner/work/yong-huang.github.io/yong-huang.github.io/vendor/bundle/ruby/3.3.0/gems/liquid-4.0.4/lib/liquid/tags/if.rb:46:in `block (2 levels) in render'
	from /home/runner/work/yong-huang.github.io/yong-huang.github.io/vendor/bundle/ruby/3.3.0/gems/liquid-4.0.4/lib/liquid/tags/if.rb:44:in `each'
	from /home/runner/work/yong-huang.github.io/yong-huang.github.io/vendor/bundle/ruby/3.3.0/gems/liquid-4.0.4/lib/liquid/tags/if.rb:44:in `block in render'
	from /home/runner/work/yong-huang.github.io/yong-huang.github.io/vendor/bundle/ruby/3.3.0/gems/liquid-4.0.4/lib/liquid/context.rb:123:in `stack'
	from /home/runner/work/yong-huang.github.io/yong-huang.github.io/vendor/bundle/ruby/3.3.0/gems/liquid-4.0.4/lib/liquid/tags/if.rb:43:in `render'
	from /home/runner/work/yong-huang.github.io/yong-huang.github.io/vendor/bundle/ruby/3.3.0/gems/liquid-4.0.4/lib/liquid/block_body.rb:103:in `render_node_to_output'
	from /home/runner/work/yong-huang.github.io/yong-huang.github.io/vendor/bundle/ruby/3.3.0/gems/liquid-4.0.4/lib/liquid/block_body.rb:82:in `render'
	from /home/runner/work/yong-huang.github.io/yong-huang.github.io/vendor/bundle/ruby/3.3.0/gems/liquid-4.0.4/lib/liquid/tags/if.rb:46:in `block (2 levels) in render'
	from /home/runner/work/yong-huang.github.io/yong-huang.github.io/vendor/bundle/ruby/3.3.0/gems/liquid-4.0.4/lib/liquid/tags/if.rb:44:in `each'
	from /home/runner/work/yong-huang.github.io/yong-huang.github.io/vendor/bundle/ruby/3.3.0/gems/liquid-4.0.4/lib/liquid/tags/if.rb:44:in `block in render'
	from /home/runner/work/yong-huang.github.io/yong-huang.github.io/vendor/bundle/ruby/3.3.0/gems/liquid-4.0.4/lib/liquid/context.rb:123:in `stack'
	from /home/runner/work/yong-huang.github.io/yong-huang.github.io/vendor/bundle/ruby/3.3.0/gems/liquid-4.0.4/lib/liquid/tags/if.rb:43:in `render'
	from /home/runner/work/yong-huang.github.io/yong-huang.github.io/vendor/bundle/ruby/3.3.0/gems/liquid-4.0.4/lib/liquid/block_body.rb:103:in `render_node_to_output'
	from /home/runner/work/yong-huang.github.io/yong-huang.github.io/vendor/bundle/ruby/3.3.0/gems/liquid-4.0.4/lib/liquid/block_body.rb:82:in `render'
	from /home/runner/work/yong-huang.github.io/yong-huang.github.io/vendor/bundle/ruby/3.3.0/gems/liquid-4.0.4/lib/liquid/template.rb:206:in `block in render'
	from /home/runner/work/yong-huang.github.io/yong-huang.github.io/vendor/bundle/ruby/3.3.0/gems/liquid-4.0.4/lib/liquid/template.rb:240:in `with_profiling'
	from /home/runner/work/yong-huang.github.io/yong-huang.github.io/vendor/bundle/ruby/3.3.0/gems/liquid-4.0.4/lib/liquid/template.rb:205:in `render'
	from /home/runner/work/yong-huang.github.io/yong-huang.github.io/vendor/bundle/ruby/3.3.0/gems/liquid-4.0.4/lib/liquid/template.rb:218:in `render!'
	from /home/runner/work/yong-huang.github.io/yong-huang.github.io/vendor/bundle/ruby/3.3.0/gems/jekyll-4.4.1/lib/jekyll/liquid_renderer/file.rb:39:in `block (3 levels) in render!'
	from /home/runner/work/yong-huang.github.io/yong-huang.github.io/vendor/bundle/ruby/3.3.0/gems/jekyll-4.4.1/lib/jekyll/liquid_renderer/file.rb:59:in `measure_counts'
	from /home/runner/work/yong-huang.github.io/yong-huang.github.io/vendor/bundle/ruby/3.3.0/gems/jekyll-4.4.1/lib/jekyll/liquid_renderer/file.rb:38:in `block (2 levels) in render!'
	from /home/runner/work/yong-huang.github.io/yong-huang.github.io/vendor/bundle/ruby/3.3.0/gems/jekyll-4.4.1/lib/jekyll/liquid_renderer/file.rb:63:in `measure_bytes'
	from /home/runner/work/yong-huang.github.io/yong-huang.github.io/vendor/bundle/ruby/3.3.0/gems/jekyll-4.4.1/lib/jekyll/liquid_renderer/file.rb:37:in `block in render!'
	from /home/runner/work/yong-huang.github.io/yong-huang.github.io/vendor/bundle/ruby/3.3.0/gems/jekyll-4.4.1/lib/jekyll/liquid_renderer/file.rb:70:in `measure_time'
	from /home/runner/work/yong-huang.github.io/yong-huang.github.io/vendor/bundle/ruby/3.3.0/gems/jekyll-4.4.1/lib/jekyll/liquid_renderer/file.rb:36:in `render!'
	from /home/runner/work/yong-huang.github.io/yong-huang.github.io/vendor/bundle/ruby/3.3.0/gems/jekyll-4.4.1/lib/jekyll/renderer.rb:129:in `render_liquid'
	from /home/runner/work/yong-huang.github.io/yong-huang.github.io/vendor/bundle/ruby/3.3.0/gems/jekyll-4.4.1/lib/jekyll/renderer.rb:192:in `render_layout'
	from /home/runner/work/yong-huang.github.io/yong-huang.github.io/vendor/bundle/ruby/3.3.0/gems/jekyll-4.4.1/lib/jekyll/renderer.rb:161:in `place_in_layouts'
	from /home/runner/work/yong-huang.github.io/yong-huang.github.io/vendor/bundle/ruby/3.3.0/gems/jekyll-4.4.1/lib/jekyll/renderer.rb:93:in `render_document'
	from /home/runner/work/yong-huang.github.io/yong-huang.github.io/vendor/bundle/ruby/3.3.0/gems/jekyll-4.4.1/lib/jekyll/renderer.rb:63:in `run'
	from /home/runner/work/yong-huang.github.io/yong-huang.github.io/vendor/bundle/ruby/3.3.0/gems/jekyll-4.4.1/lib/jekyll/site.rb:572:in `render_regenerated'
	from /home/runner/work/yong-huang.github.io/yong-huang.github.io/vendor/bundle/ruby/3.3.0/gems/jekyll-4.4.1/lib/jekyll/site.rb:564:in `block in render_pages'
	from /home/runner/work/yong-huang.github.io/yong-huang.github.io/vendor/bundle/ruby/3.3.0/gems/jekyll-4.4.1/lib/jekyll/site.rb:563:in `each'
	from /home/runner/work/yong-huang.github.io/yong-huang.github.io/vendor/bundle/ruby/3.3.0/gems/jekyll-4.4.1/lib/jekyll/site.rb:563:in `render_pages'
	from /home/runner/work/yong-huang.github.io/yong-huang.github.io/vendor/bundle/ruby/3.3.0/gems/jekyll-4.4.1/lib/jekyll/site.rb:211:in `render'
	from /home/runner/work/yong-huang.github.io/yong-huang.github.io/vendor/bundle/ruby/3.3.0/gems/jekyll-4.4.1/lib/jekyll/site.rb:80:in `process'
	from /home/runner/work/yong-huang.github.io/yong-huang.github.io/vendor/bundle/ruby/3.3.0/gems/jekyll-4.4.1/lib/jekyll/command.rb:28:in `process_site'
	from /home/runner/work/yong-huang.github.io/yong-huang.github.io/vendor/bundle/ruby/3.3.0/gems/jekyll-4.4.1/lib/jekyll/commands/build.rb:65:in `build'
	from /home/runner/work/yong-huang.github.io/yong-huang.github.io/vendor/bundle/ruby/3.3.0/gems/jekyll-4.4.1/lib/jekyll/commands/build.rb:36:in `process'
	from /home/runner/work/yong-huang.github.io/yong-huang.github.io/vendor/bundle/ruby/3.3.0/gems/jekyll-4.4.1/lib/jekyll/command.rb:91:in `block in process_with_graceful_fail'
	from /home/runner/work/yong-huang.github.io/yong-huang.github.io/vendor/bundle/ruby/3.3.0/gems/jekyll-4.4.1/lib/jekyll/command.rb:91:in `each'
	from /home/runner/work/yong-huang.github.io/yong-huang.github.io/vendor/bundle/ruby/3.3.0/gems/jekyll-4.4.1/lib/jekyll/command.rb:91:in `process_with_graceful_fail'
	from /home/runner/work/yong-huang.github.io/yong-huang.github.io/vendor/bundle/ruby/3.3.0/gems/jekyll-4.4.1/lib/jekyll/commands/build.rb:18:in `block (2 levels) in init_with_program'
	from /home/runner/work/yong-huang.github.io/yong-huang.github.io/vendor/bundle/ruby/3.3.0/gems/mercenary-0.4.0/lib/mercenary/command.rb:221:in `block in execute'
	from /home/runner/work/yong-huang.github.io/yong-huang.github.io/vendor/bundle/ruby/3.3.0/gems/mercenary-0.4.0/lib/mercenary/command.rb:221:in `each'
	from /home/runner/work/yong-huang.github.io/yong-huang.github.io/vendor/bundle/ruby/3.3.0/gems/mercenary-0.4.0/lib/mercenary/command.rb:221:in `execute'
	from /home/runner/work/yong-huang.github.io/yong-huang.github.io/vendor/bundle/ruby/3.3.0/gems/mercenary-0.4.0/lib/mercenary/program.rb:44:in `go'
	from /home/runner/work/yong-huang.github.io/yong-huang.github.io/vendor/bundle/ruby/3.3.0/gems/mercenary-0.4.0/lib/mercenary.rb:21:in `program'
	from /home/runner/work/yong-huang.github.io/yong-huang.github.io/vendor/bundle/ruby/3.3.0/gems/jekyll-4.4.1/exe/jekyll:15:in `<top (required)>'
	from /home/runner/work/yong-huang.github.io/yong-huang.github.io/vendor/bundle/ruby/3.3.0/bin/jekyll:25:in `load'
	from /home/runner/work/yong-huang.github.io/yong-huang.github.io/vendor/bundle/ruby/3.3.0/bin/jekyll:25:in `<top (required)>'
	from /opt/hostedtoolcache/Ruby/3.3.5/x64/lib/ruby/gems/3.3.0/gems/bundler-4.0.6/lib/bundler/cli/exec.rb:61:in `load'
	from /opt/hostedtoolcache/Ruby/3.3.5/x64/lib/ruby/gems/3.3.0/gems/bundler-4.0.6/lib/bundler/cli/exec.rb:61:in `kernel_load'
	from /opt/hostedtoolcache/Ruby/3.3.5/x64/lib/ruby/gems/3.3.0/gems/bundler-4.0.6/lib/bundler/cli/exec.rb:24:in `run'
	from /opt/hostedtoolcache/Ruby/3.3.5/x64/lib/ruby/gems/3.3.0/gems/bundler-4.0.6/lib/bundler/cli.rb:500:in `exec'
	from /opt/hostedtoolcache/Ruby/3.3.5/x64/lib/ruby/gems/3.3.0/gems/bundler-4.0.6/lib/bundler/vendor/thor/lib/thor/command.rb:28:in `run'
	from /opt/hostedtoolcache/Ruby/3.3.5/x64/lib/ruby/gems/3.3.0/gems/bundler-4.0.6/lib/bundler/vendor/thor/lib/thor/invocation.rb:127:in `invoke_command'
	from /opt/hostedtoolcache/Ruby/3.3.5/x64/lib/ruby/gems/3.3.0/gems/bundler-4.0.6/lib/bundler/vendor/thor/lib/thor.rb:538:in `dispatch'
	from /opt/hostedtoolcache/Ruby/3.3.5/x64/lib/ruby/gems/3.3.0/gems/bundler-4.0.6/lib/bundler/cli.rb:35:in `dispatch'
	from /opt/hostedtoolcache/Ruby/3.3.5/x64/lib/ruby/gems/3.3.0/gems/bundler-4.0.6/lib/bundler/vendor/thor/lib/thor/base.rb:584:in `start'
	from /opt/hostedtoolcache/Ruby/3.3.5/x64/lib/ruby/gems/3.3.0/gems/bundler-4.0.6/lib/bundler/cli.rb:29:in `start'
	from /opt/hostedtoolcache/Ruby/3.3.5/x64/lib/ruby/gems/3.3.0/gems/bundler-4.0.6/exe/bundle:28:in `block in <top (required)>'
	from /opt/hostedtoolcache/Ruby/3.3.5/x64/lib/ruby/gems/3.3.0/gems/bundler-4.0.6/lib/bundler/friendly_errors.rb:118:in `with_friendly_errors'
	from /opt/hostedtoolcache/Ruby/3.3.5/x64/lib/ruby/gems/3.3.0/gems/bundler-4.0.6/exe/bundle:20:in `<top (required)>'
	from /opt/hostedtoolcache/Ruby/3.3.5/x64/bin/bundle:25:in `load'
	from /opt/hostedtoolcache/Ruby/3.3.5/x64/bin/bundle:25:in `<main>'
====== _site/index.html NOT FOUND ======
total 12
drwxr-xr-x  3 runner runner 4096 Jul 28 07:27 .
drwxr-xr-x 29 runner runner 4096 Jul 28 07:27 ..
drwxr-xr-x  3 runner runner 4096 Jul 28 07:27 assets
